Source commit: 892e619
Integrated commit: ed4396a
$ env -u NO_COLOR bun run build
$ default-dist bounded-summary guard
$ tsc && vite build
vite v8.1.0 building client environment for production...
transforming...✓ 250 modules transformed.
rendering chunks...
computing gzip size...
dist/assets/girl-thumb-CAdQi3RL.png                    8.20 kB
dist/assets/boy-thumb-YC7FWjeU.png                    14.01 kB
dist/index.html                                       86.32 kB │ gzip:    16.04 kB
dist/assets/girl-DcnbHWJO.png                         94.86 kB
dist/assets/webOnnxWorker-A3hq6BbQ.js                238.13 kB
dist/assets/AppIcon-Dx9trOlC.png                     474.08 kB
dist/assets/boy-CGof9C4m.PNG                       2,817.50 kB
dist/assets/ort-wasm-simd-threaded-Cpm-ox6i.wasm  13,479.97 kB │ gzip: 3,498.23 kB
dist/assets/index-BowDzlsb.js                      1,583.83 kB │ gzip:   457.41 kB
dist/assets/rapier-DS2Sl1i-.js                     2,237.59 kB │ gzip:   842.98 kB

✓ built in 786ms
default dist contains no study summary runtime or target
exit_code=0
