Source commit: 892e619
Integrated commit: ed4396ac490b82d6fa43d5912d7d01fbaf27a5cf
$ env -u NO_COLOR MOTIONSMITH_SUMMARY=1 MOTIONSMITH_SUMMARY_TARGET=https://quality-pass-sentinel.invalid/summary MOTIONSMITH_BUILD_SHA=ed4396ac490b82d6fa43d5912d7d01fbaf27a5cf bun run build
$ enabled-dist schema/target/build-SHA/historical-surface guards
$ invalid-enabled-config refusal probe
$ tsc && vite build
vite v8.1.0 building client environment for production...
transforming...✓ 250 modules transformed.
rendering chunks...
computing gzip size...
dist/assets/girl-thumb-CAdQi3RL.png                    8.20 kB
dist/assets/boy-thumb-YC7FWjeU.png                    14.01 kB
dist/index.html                                       86.32 kB │ gzip:    16.04 kB
dist/assets/girl-DcnbHWJO.png                         94.86 kB
dist/assets/webOnnxWorker-A3hq6BbQ.js                238.13 kB
dist/assets/AppIcon-Dx9trOlC.png                     474.08 kB
dist/assets/boy-CGof9C4m.PNG                       2,817.50 kB
dist/assets/ort-wasm-simd-threaded-Cpm-ox6i.wasm  13,479.97 kB │ gzip: 3,498.23 kB
dist/assets/index-Dl04xQiN.js                      1,593.81 kB │ gzip:   460.76 kB
dist/assets/rapier-DS2Sl1i-.js                     2,237.59 kB │ gzip:   842.98 kB

✓ built in 766ms
dist/assets/index-Dl04xQiN.js
dist/assets/index-Dl04xQiN.js
dist/assets/index-Dl04xQiN.js
enabled dist excludes historical replay/delivery/bug-intake surfaces
3:Error: MOTIONSMITH_SUMMARY_TARGET must be an absolute HTTP(S) URL
invalid enabled build rejected with exit 1
exit_code=0
