$ bun run build && env -u NO_COLOR PLAYWRIGHT_SERVER=preview playwright test
$ tsc && vite build
vite v8.1.0 building client environment for production...
[2Ktransforming...✓ 250 modules transformed.
rendering chunks...
computing gzip size...
dist/assets/girl-thumb-CAdQi3RL.png                    8.20 kB
dist/assets/boy-thumb-YC7FWjeU.png                    14.01 kB
dist/index.html                                       86.32 kB │ gzip:    16.04 kB
dist/assets/girl-DcnbHWJO.png                         94.86 kB
dist/assets/webOnnxWorker-A3hq6BbQ.js                238.13 kB
dist/assets/AppIcon-Dx9trOlC.png                     474.08 kB
dist/assets/boy-CGof9C4m.PNG                       2,817.50 kB
dist/assets/ort-wasm-simd-threaded-Cpm-ox6i.wasm  13,479.97 kB │ gzip: 3,498.23 kB
dist/assets/index-DRE-s1S6.js                      1,584.86 kB │ gzip:   457.72 kB
dist/assets/rapier-DS2Sl1i-.js                     2,237.59 kB │ gzip:   842.98 kB

✓ built in 755ms
[WebServer] $ vite preview --host "127.0.0.1" --port "43210" --strictPort

Running 77 tests using 2 workers

  ✓   1 [chromium] › tests/browser/g008-physical-authoring.spec.ts:125:1 › G008 shared physical overlay supports keyboard commit and preserves state on rejected pointer drop (9.0s)
  ✓   2 [chromium] › tests/browser/g008-physical-authoring.spec.ts:267:1 › G018 family prospects commit atomically in Foundry and Design (13.1s)
  ✓   3 [chromium] › tests/browser/g008-physical-authoring.spec.ts:310:1 › physical drag commits A after returning A to B to A inside the start deadzone (4.3s)
  ✓   5 [chromium] › tests/browser/g008-physical-authoring.spec.ts:415:1 › G018 cam and planetary secondary traces stay display-only (6.8s)
  ✓   4 [chromium] › tests/browser/g008-physical-authoring.spec.ts:358:1 › planetary coincident pivot identity commits exactly in Foundry and Design (8.3s)
  ✓   6 [chromium] › tests/browser/g3-camera-cadence.spec.ts:17:1 › Assembly camera flushes its final pointer sample (4.7s)
  ✓   7 [chromium] › tests/browser/g3-piston-pointer-diagnostic.spec.ts:3:1 › G3 piston Design connection handle stays a hit target after Foundry export (7.3s)
  ✓   9 [chromium] › tests/browser/responsive-workbench.spec.ts:74:3 › 1920x1080 Getting Started keeps guided choices reachable and Character can reopen it (5.9s)
  ✓  10 [chromium] › tests/browser/responsive-workbench.spec.ts:112:3 › 1920x1080 workbench surfaces remain reachable across enabled stages (7.7s)
  ✓  11 [chromium] › tests/browser/responsive-workbench.spec.ts:74:3 › 1200x520 Getting Started keeps guided choices reachable and Character can reopen it (4.3s)
  ✓  12 [chromium] › tests/browser/responsive-workbench.spec.ts:112:3 › 1200x520 workbench surfaces remain reachable across enabled stages (6.0s)
  ✓  13 [chromium] › tests/browser/workflow.spec.ts:250:1 › Context help opens compact registry popovers (1.4s)
  ✓   8 [chromium] › tests/browser/quality-critical.spec.ts:81:1 › G7 isolated critical flow covers the integrated workbench (30.2s)
  ✓  14 [chromium] › tests/browser/workflow.spec.ts:304:1 › Character part cut outline editor bakes and edits contour points (7.0s)
  ✓  16 [chromium] › tests/browser/workflow.spec.ts:513:1 › Getting Started guided project opens a real editable lesson (4.0s)
  ✓  15 [chromium] › tests/browser/workflow.spec.ts:395:1 › Character tab owns separate scene objects and later tabs only render them (19.3s)
  ✓  17 [chromium] › tests/browser/workflow.spec.ts:591:1 › guided lessons open Design with coupled mechanism ownership (12.9s)
  ✓  18 [chromium] › tests/browser/workflow.spec.ts:636:1 › classroom assessment slug and mechanism example video work end-to-end (5.8s)
  ✓  19 [chromium] › tests/browser/workflow.spec.ts:900:1 › Ultragoal anatomy contracts › Ultragoal G003 built-in front character keeps anatomical right on viewer left (2.7s)
  ✓  20 [chromium] › tests/browser/workflow.spec.ts:1187:1 › physical hole selection authors connection role and updates preview/export only through visible affordance (8.5s)
  ✓  22 [chromium] › tests/browser/workflow.spec.ts:1408:3 › G006 4bar uses the shared physical pointer flow in Foundry and Design (6.0s)
  ✓  21 [chromium] › tests/browser/workflow.spec.ts:1289:1 › gear linkage physical hole selection authors drive/output pins and exports dedicated metadata (16.6s)
  ✓  23 [chromium] › tests/browser/workflow.spec.ts:1408:3 › G006 gear_linkage uses the shared physical pointer flow in Foundry and Design (10.5s)
  ✓  24 [chromium] › tests/browser/workflow.spec.ts:1408:3 › G006 gear uses the shared physical pointer flow in Foundry and Design (8.4s)
  ✓  25 [chromium] › tests/browser/workflow.spec.ts:1408:3 › G006 planetary_gear uses the shared physical pointer flow in Foundry and Design (7.9s)
  ✓  26 [chromium] › tests/browser/workflow.spec.ts:1408:3 › G006 cam uses the shared physical pointer flow in Foundry and Design (7.8s)
  ✓  28 [chromium] › tests/browser/workflow.spec.ts:1464:1 › G006 short/fullscreen zoom playback and accessibility matrix stays recoverable (6.9s)
  ✓  27 [chromium] › tests/browser/workflow.spec.ts:1408:3 › G006 piston uses the shared physical pointer flow in Foundry and Design (8.1s)
  ✓  29 [chromium] › tests/browser/workflow.spec.ts:1596:1 › MotionSmith header logo returns to Character home (4.3s)
  ✓  30 [chromium] › tests/browser/workflow.spec.ts:1607:1 › Medium-width desktop keeps editor panes from cutting off the canvas (8.4s)
  ✓  31 [chromium] › tests/browser/workflow.spec.ts:1634:1 › Ultragoal warning and responsive contracts › G006 student warning UX hides raw ids and fit scores in Design recommendations (15.6s)
  ✓  32 [chromium] › tests/browser/workflow.spec.ts:1693:1 › Ultragoal warning and responsive contracts › G005 responsive shell keeps primary surfaces reachable without page overflow (11.8s)
  ✓  33 [chromium] › tests/browser/workflow.spec.ts:1723:1 › G005 mobile Getting Started keeps actions reachable in a short viewport (795ms)
  ✓  35 [chromium] › tests/browser/workflow.spec.ts:2282:1 › Assembly shows character pins as a separate board build stage (5.0s)
  ✓  36 [chromium] › tests/browser/workflow.spec.ts:2359:1 › Character tab processing controls route to real browser workflows (4.1s)
  ✓  37 [chromium] › tests/browser/workflow.spec.ts:2415:1 › animation performance: Foundry playback stays responsive without runaway Three rebuilds (7.4s)
  ✓  38 [chromium] › tests/browser/workflow.spec.ts:2495:1 › Create from image upload creates a reviewed character package in browser (8.9s)
  ✓  39 [chromium] › tests/browser/workflow.spec.ts:2542:1 › Load package review, accept, discard, and missing-file recovery stay in browser (4.2s)
  ✓  34 [chromium] › tests/browser/workflow.spec.ts:1740:1 › character → path → foundry → design → blueprint runs end-to-end in browser (35.5s)
  ✓  40 [chromium] › tests/browser/workflow.spec.ts:2607:1 › Character replacement package starts clean without keep-mechanisms toggle (8.2s)
  ✓  41 [chromium] › tests/browser/workflow.spec.ts:2652:1 › Options and validation gates update browser blueprint output (15.4s)
  ✓  43 [chromium] › tests/browser/workflow.spec.ts:2866:1 › Legacy storage namespace migrates to MotionSmith keys without losing autosave or workspace layout (7.2s)
  ✓  42 [chromium] › tests/browser/workflow.spec.ts:2721:1 › Options parity updates workspace UI, canvas context, and blueprint defaults (24.2s)
  ✓  44 [chromium] › tests/browser/workflow.spec.ts:2908:1 › Path Editor sensemaking follows selected part, lock state, and anchor handoff (14.0s)
  ✓  46 [chromium] › tests/browser/workflow.spec.ts:3480:1 › Foundry parameter safety contracts › Foundry clamps feasible numeric parameter edits without adding jam warnings (4.7s)
  ✓  45 [chromium] › tests/browser/workflow.spec.ts:3047:1 › Foundry sensemaking shows library, partial range, and exported metadata (20.3s)
  ✓  48 [chromium] › tests/browser/workflow.spec.ts:3594:1 › Recommendation driver ownership contracts › Recommendation keeps a limb path on its exact owner and one physical driver (19.1s)
  ✓  47 [chromium] › tests/browser/workflow.spec.ts:3521:1 › Character tab owns body layer and skeleton edits used by design controls (26.6s)
  ✓  50 [chromium] › tests/browser/workflow.spec.ts:3734:1 › Foundry toolbar toggles preview, forces, velocity, trail, and sensemaking (6.7s)
  ✓  51 [chromium] › tests/browser/workflow.spec.ts:3818:1 › Foundry supports CAD-style 3D camera presets and drag orbit (6.5s)
  ✓  52 [chromium] › tests/browser/workflow.spec.ts:3981:1 › Cam foundry profile points edit the shared cam simulation profile (4.2s)
  ✓  49 [chromium] › tests/browser/workflow.spec.ts:3645:1 › Recommendation sheet applies a distinct mechanism and blueprint recipe (23.7s)
  ✓  54 [chromium] › tests/browser/workflow.spec.ts:4039:1 › Character import surface omits browser camera capture (2.6s)
  ✓  55 [chromium] › tests/browser/workflow.spec.ts:4052:1 › Mobile path editor keeps Draw free path action above the canvas (5.1s)
  ✓  56 [chromium] › tests/browser/workflow.spec.ts:4070:1 › Startup uses one boot loader and opens Getting Started over Character (2.0s)
  ✓  53 [chromium] › tests/browser/workflow.spec.ts:4006:1 › Mechanism Design cam profile edits update the integrated automata preview (14.3s)
  ✓  58 [chromium] › tests/browser/workflow.spec.ts:4151:1 › Mobile startup shows compact Getting Started with a session opt-out (825ms)
  ✓  57 [chromium] › tests/browser/workflow.spec.ts:4124:1 › Bug report opens a GitHub issue draft from any stage (7.3s)
  ✓  60 [chromium] › tests/browser/workflow.spec.ts:4204:1 › Right inspector scroll does not move the center canvas (4.3s)
  ✓  61 [chromium] › tests/browser/workflow.spec.ts:4221:1 › Narrow character right inspector remains independently scrollable (2.6s)
  ✓  59 [chromium] › tests/browser/workflow.spec.ts:4172:1 › Shared player dock overlays the canvas, does not take layout space, and can be dragged (28.3s)
  ✓  62 [chromium] › tests/browser/workflow.spec.ts:4252:1 › Every workflow right inspector uses the shared scroll container (19.7s)
  ✓  64 [chromium] › tests/browser/workflow.spec.ts:4362:1 › Workflow rail remains reachable on short desktop and mobile fallback exposes every stage (11.2s)
  ✓  63 [chromium] › tests/browser/workflow.spec.ts:4284:1 › Workflow tabs keep left workflow, center canvas, and right inspector roles (16.6s)
  ✓  65 [chromium] › tests/browser/workflow.spec.ts:4392:1 › Animation resumes after leaving path drawing mode (7.0s)
  ✓  67 [chromium] › tests/browser/workflow.spec.ts:4560:1 › Every top menu command is wired to a visible result (30.7s)
  ✓  68 [chromium] › tests/browser/workflow.spec.ts:4674:1 › guided classroom lesson opens real baseline and can reset safely (5.4s)
  ✓  66 [chromium] › tests/browser/workflow.spec.ts:4406:1 › Command menu and shared canvas zoom persist across workflow stages (53.5s)
  ✓  69 [chromium] › tests/browser/workflow.spec.ts:4703:1 › Invalid Design target edits retain the prior valid mechanism and exact recovery blocker (12.4s)
  ✓  71 [chromium] › tests/browser/workflow.spec.ts:4787:1 › Mechanism Design integrated automata preview keeps placed anchors on the fabrication grid (6.7s)
  ✓  70 [chromium] › tests/browser/workflow.spec.ts:4720:1 › Mechanism Design library chips replace transactionally, delete, and export (25.0s)
  ✓  72 [chromium] › tests/browser/workflow.spec.ts:4816:1 › Mechanism Design center workspace renders the integrated Foundry automata scene (28.5s)
  ✓  74 [chromium] › tests/browser/workflow.spec.ts:5033:1 › Simplified shared canvas stays non-destructive and exports blueprint (23.2s)
  ✓  73 [chromium] › tests/browser/workflow.spec.ts:4983:1 › shared Design renderer preserves exact compiled support paths for all six fabrication families (40.4s)
  ✓  75 [chromium] › tests/browser/workflow.spec.ts:5117:1 › Shared path view supports 2D zoom and 3D direct orbit (9.4s)
  ✓  76 [chromium] › tests/browser/workflow.spec.ts:5158:1 › Draw mode forces 2D Path view and accepts free path strokes on SceneSketch (5.1s)
{"g5FirstEvidence":{"requestId":2,"dispatchMark":{"startTime":5907.699999928474,"duration":0,"detail":{"requestId":2}},"processResultMark":{"startTime":6728.5,"duration":0,"detail":{"requestId":2,"metrics":{"inputWidth":160,"inputHeight":220,"workingWidth":160,"workingHeight":220,"provider":"wasm","model":"fp32","modelBytes":135929562,"modelPath":"http://127.0.0.1:43210/onnx/pose_model.onnx","modelInitMs":350.39999997615814,"modelReused":false,"ownedModelBufferReferencesRetained":0,"retainedModelSessionCount":1,"requestTensorRetainedBytes":0,"imageBitmapClosed":true,"partTextureDataUrlChars":9018,"partMaskDataUrlChars":5108,"inferenceMs":295.60000002384186,"totalMs":820}}},"processProgressMessageCount":7,"processProgressMarks":[{"startTime":5911.099999904633,"duration":0,"detail":{"requestId":2,"stage":"loading-model","progress":6}},{"startTime":5917.299999952316,"duration":0,"detail":{"requestId":2,"stage":"downloading-model","progress":12}},{"startTime":5989.699999928474,"duration":0,"detail":{"requestId":2,"stage":"downloading-model","progress":34}},{"startTime":6343.099999904633,"duration":0,"detail":{"requestId":2,"stage":"loading-model","progress":35}},{"startTime":6345,"duration":0,"detail":{"requestId":2,"stage":"running-onnx","progress":45}},{"startTime":6641.399999976158,"duration":0,"detail":{"requestId":2,"stage":"extracting-parts","progress":75}},{"startTime":6726,"duration":0,"detail":{"requestId":2,"stage":"normalizing","progress":90}}],"phaseMarks":[{"name":"motionsmith-image-result-application-start","startTime":6728.5,"duration":0,"detail":{"requestId":2}},{"name":"motionsmith-image-result-application-end","startTime":6729.099999904633,"duration":0,"detail":{"requestId":2}}],"reviewMark":{"startTime":6876.899999976158,"duration":0,"detail":null},"overlappingLongTasks":[],"media":{"artParts":10,"maskParts":10,"totalParts":10,"modelPath":"http://127.0.0.1:43210/onnx/pose_model.onnx","modelInitMs":350.39999997615814,"modelReused":false,"inferenceMs":295.60000002384186,"ownedModelBufferReferencesRetained":0,"retainedModelSessionCount":1,"requestTensorRetainedBytes":0,"imageBitmapClosed":true,"partTextureDataUrlChars":9018,"partMaskDataUrlChars":5108}}}
{"g5BrowserEvidence":{"observerSupported":true,"first":{"requestId":2,"dispatchMark":{"startTime":5907.699999928474,"duration":0,"detail":{"requestId":2}},"processResultMark":{"startTime":6728.5,"duration":0,"detail":{"requestId":2,"metrics":{"inputWidth":160,"inputHeight":220,"workingWidth":160,"workingHeight":220,"provider":"wasm","model":"fp32","modelBytes":135929562,"modelPath":"http://127.0.0.1:43210/onnx/pose_model.onnx","modelInitMs":350.39999997615814,"modelReused":false,"ownedModelBufferReferencesRetained":0,"retainedModelSessionCount":1,"requestTensorRetainedBytes":0,"imageBitmapClosed":true,"partTextureDataUrlChars":9018,"partMaskDataUrlChars":5108,"inferenceMs":295.60000002384186,"totalMs":820}}},"processProgressMessageCount":7,"processProgressMarks":[{"startTime":5911.099999904633,"duration":0,"detail":{"requestId":2,"stage":"loading-model","progress":6}},{"startTime":5917.299999952316,"duration":0,"detail":{"requestId":2,"stage":"downloading-model","progress":12}},{"startTime":5989.699999928474,"duration":0,"detail":{"requestId":2,"stage":"downloading-model","progress":34}},{"startTime":6343.099999904633,"duration":0,"detail":{"requestId":2,"stage":"loading-model","progress":35}},{"startTime":6345,"duration":0,"detail":{"requestId":2,"stage":"running-onnx","progress":45}},{"startTime":6641.399999976158,"duration":0,"detail":{"requestId":2,"stage":"extracting-parts","progress":75}},{"startTime":6726,"duration":0,"detail":{"requestId":2,"stage":"normalizing","progress":90}}],"phaseMarks":[{"name":"motionsmith-image-result-application-start","startTime":6728.5,"duration":0,"detail":{"requestId":2}},{"name":"motionsmith-image-result-application-end","startTime":6729.099999904633,"duration":0,"detail":{"requestId":2}}],"reviewMark":{"startTime":6876.899999976158,"duration":0,"detail":null},"overlappingLongTasks":[],"media":{"artParts":10,"maskParts":10,"totalParts":10,"modelPath":"http://127.0.0.1:43210/onnx/pose_model.onnx","modelInitMs":350.39999997615814,"modelReused":false,"inferenceMs":295.60000002384186,"ownedModelBufferReferencesRetained":0,"retainedModelSessionCount":1,"requestTensorRetainedBytes":0,"imageBitmapClosed":true,"partTextureDataUrlChars":9018,"partMaskDataUrlChars":5108}},"second":{"requestId":3,"dispatchMark":{"startTime":6941,"duration":0,"detail":{"requestId":3}},"processResultMark":{"startTime":7251.599999904633,"duration":0,"detail":{"requestId":3,"metrics":{"inputWidth":160,"inputHeight":220,"workingWidth":160,"workingHeight":220,"provider":"wasm","model":"fp32","modelBytes":135929562,"modelPath":"http://127.0.0.1:43210/onnx/pose_model.onnx","modelInitMs":0,"modelReused":true,"ownedModelBufferReferencesRetained":0,"retainedModelSessionCount":1,"requestTensorRetainedBytes":0,"imageBitmapClosed":true,"partTextureDataUrlChars":9018,"partMaskDataUrlChars":5108,"inferenceMs":271.40000009536743,"totalMs":310}}},"processProgressMessageCount":6,"processProgressMarks":[{"startTime":6943.799999952316,"duration":0,"detail":{"requestId":3,"stage":"loading-model","progress":6}},{"startTime":6945.599999904633,"duration":0,"detail":{"requestId":3,"stage":"downloading-model","progress":12}},{"startTime":6945.799999952316,"duration":0,"detail":{"requestId":3,"stage":"loading-model","progress":35}},{"startTime":6946.099999904633,"duration":0,"detail":{"requestId":3,"stage":"running-onnx","progress":45}},{"startTime":7218.399999976158,"duration":0,"detail":{"requestId":3,"stage":"extracting-parts","progress":75}},{"startTime":7249.299999952316,"duration":0,"detail":{"requestId":3,"stage":"normalizing","progress":90}}],"phaseMarks":[{"name":"motionsmith-image-result-application-start","startTime":7251.599999904633,"duration":0,"detail":{"requestId":3}},{"name":"motionsmith-image-result-application-end","startTime":7251.799999952316,"duration":0,"detail":{"requestId":3}}],"reviewMark":{"startTime":7767.099999904633,"duration":0,"detail":null},"overlappingLongTasks":[],"media":{"artParts":10,"maskParts":10,"totalParts":10,"modelPath":"http://127.0.0.1:43210/onnx/pose_model.onnx","modelInitMs":0,"modelReused":true,"inferenceMs":271.40000009536743,"ownedModelBufferReferencesRetained":0,"retainedModelSessionCount":1,"requestTensorRetainedBytes":0,"imageBitmapClosed":true,"partTextureDataUrlChars":9018,"partMaskDataUrlChars":5108}},"processResultMarkCount":2}}
  ✓  77 [chromium-performance] › tests/browser/g5-web-onnx.spec.ts:123:1 › Create from image upload keeps transforms off the UI thread (8.0s)

  77 passed (7.6m)
exit_code=0
