$ bun tests/g3-foundry-overlay-bounds.test.ts
G3 Foundry overlay bounds contracts passed
$ bun tests/g3-foundry-command-sequencing.test.ts
G3 Foundry command sequencing contracts passed
$ bun tests/mechanism-connection-selection-policy.test.ts
mechanism connection-selection policy contracts passed
$ bun tests/foundry-transaction.test.ts
foundry transaction contracts passed
$ bun tests/project-contract.test.ts
project contracts ok
$ bunx tsc --noEmit
$ bun run build
$ tsc && vite build
vite v8.1.0 building client environment for production...
[2Ktransforming...✓ 250 modules transformed.
rendering chunks...
computing gzip size...
dist/assets/girl-thumb-CAdQi3RL.png                    8.20 kB
dist/assets/boy-thumb-YC7FWjeU.png                    14.01 kB
dist/index.html                                       86.32 kB │ gzip:    16.04 kB
dist/assets/girl-DcnbHWJO.png                         94.86 kB
dist/assets/webOnnxWorker-A3hq6BbQ.js                238.13 kB
dist/assets/AppIcon-Dx9trOlC.png                     474.08 kB
dist/assets/boy-CGof9C4m.PNG                       2,817.50 kB
dist/assets/ort-wasm-simd-threaded-Cpm-ox6i.wasm  13,479.97 kB │ gzip: 3,498.23 kB
dist/assets/index-DRE-s1S6.js                      1,584.86 kB │ gzip:   457.72 kB
dist/assets/rapier-DS2Sl1i-.js                     2,237.59 kB │ gzip:   842.98 kB

✓ built in 779ms
