[WebServer] $ vite preview --host "127.0.0.1" --port "43204" --strictPort

Running 2 tests using 2 workers

(node:27173) Warning: The 'NO_COLOR' env is ignored due to the 'FORCE_COLOR' env being set.
(Use `node --trace-warnings ...` to show where the warning was created)
(node:27174) Warning: The 'NO_COLOR' env is ignored due to the 'FORCE_COLOR' env being set.
(Use `node --trace-warnings ...` to show where the warning was created)
{"g5FirstEvidence":{"requestId":2,"dispatchMark":{"startTime":6736.299999952316,"duration":0,"detail":{"requestId":2}},"processResultMark":{"startTime":7647.700000047684,"duration":0,"detail":{"requestId":2,"metrics":{"inputWidth":160,"inputHeight":220,"workingWidth":160,"workingHeight":220,"provider":"wasm","model":"fp32","modelBytes":135929562,"modelPath":"http://127.0.0.1:43204/onnx/pose_model.onnx","modelInitMs":419,"modelReused":false,"ownedModelBufferReferencesRetained":0,"retainedModelSessionCount":1,"requestTensorRetainedBytes":0,"imageBitmapClosed":true,"partTextureDataUrlChars":9018,"partMaskDataUrlChars":5108,"inferenceMs":297.3000000715256,"totalMs":910.3000000715256}}},"processProgressMessageCount":7,"processProgressMarks":[{"startTime":6738.700000047684,"duration":0,"detail":{"requestId":2,"stage":"loading-model","progress":6}},{"startTime":6745.899999976158,"duration":0,"detail":{"requestId":2,"stage":"downloading-model","progress":12}},{"startTime":6819.200000047684,"duration":0,"detail":{"requestId":2,"stage":"downloading-model","progress":34}},{"startTime":7240.100000023842,"duration":0,"detail":{"requestId":2,"stage":"loading-model","progress":35}},{"startTime":7241.799999952316,"duration":0,"detail":{"requestId":2,"stage":"running-onnx","progress":45}},{"startTime":7540,"duration":0,"detail":{"requestId":2,"stage":"extracting-parts","progress":75}},{"startTime":7644.899999976158,"duration":0,"detail":{"requestId":2,"stage":"normalizing","progress":90}}],"phaseMarks":[{"name":"motionsmith-image-result-application-start","startTime":7647.799999952316,"duration":0,"detail":{"requestId":2}},{"name":"motionsmith-image-result-application-end","startTime":7648.399999976158,"duration":0,"detail":{"requestId":2}}],"reviewMark":{"startTime":8047.299999952316,"duration":0,"detail":null},"overlappingLongTasks":[],"media":{"artParts":10,"maskParts":10,"totalParts":10,"modelPath":"http://127.0.0.1:43204/onnx/pose_model.onnx","modelInitMs":419,"modelReused":false,"inferenceMs":297.3000000715256,"ownedModelBufferReferencesRetained":0,"retainedModelSessionCount":1,"requestTensorRetainedBytes":0,"imageBitmapClosed":true,"partTextureDataUrlChars":9018,"partMaskDataUrlChars":5108}}}
{"g5BrowserEvidence":{"observerSupported":true,"first":{"requestId":2,"dispatchMark":{"startTime":6736.299999952316,"duration":0,"detail":{"requestId":2}},"processResultMark":{"startTime":7647.700000047684,"duration":0,"detail":{"requestId":2,"metrics":{"inputWidth":160,"inputHeight":220,"workingWidth":160,"workingHeight":220,"provider":"wasm","model":"fp32","modelBytes":135929562,"modelPath":"http://127.0.0.1:43204/onnx/pose_model.onnx","modelInitMs":419,"modelReused":false,"ownedModelBufferReferencesRetained":0,"retainedModelSessionCount":1,"requestTensorRetainedBytes":0,"imageBitmapClosed":true,"partTextureDataUrlChars":9018,"partMaskDataUrlChars":5108,"inferenceMs":297.3000000715256,"totalMs":910.3000000715256}}},"processProgressMessageCount":7,"processProgressMarks":[{"startTime":6738.700000047684,"duration":0,"detail":{"requestId":2,"stage":"loading-model","progress":6}},{"startTime":6745.899999976158,"duration":0,"detail":{"requestId":2,"stage":"downloading-model","progress":12}},{"startTime":6819.200000047684,"duration":0,"detail":{"requestId":2,"stage":"downloading-model","progress":34}},{"startTime":7240.100000023842,"duration":0,"detail":{"requestId":2,"stage":"loading-model","progress":35}},{"startTime":7241.799999952316,"duration":0,"detail":{"requestId":2,"stage":"running-onnx","progress":45}},{"startTime":7540,"duration":0,"detail":{"requestId":2,"stage":"extracting-parts","progress":75}},{"startTime":7644.899999976158,"duration":0,"detail":{"requestId":2,"stage":"normalizing","progress":90}}],"phaseMarks":[{"name":"motionsmith-image-result-application-start","startTime":7647.799999952316,"duration":0,"detail":{"requestId":2}},{"name":"motionsmith-image-result-application-end","startTime":7648.399999976158,"duration":0,"detail":{"requestId":2}}],"reviewMark":{"startTime":8047.299999952316,"duration":0,"detail":null},"overlappingLongTasks":[],"media":{"artParts":10,"maskParts":10,"totalParts":10,"modelPath":"http://127.0.0.1:43204/onnx/pose_model.onnx","modelInitMs":419,"modelReused":false,"inferenceMs":297.3000000715256,"ownedModelBufferReferencesRetained":0,"retainedModelSessionCount":1,"requestTensorRetainedBytes":0,"imageBitmapClosed":true,"partTextureDataUrlChars":9018,"partMaskDataUrlChars":5108}},"second":{"requestId":3,"dispatchMark":{"startTime":8107.200000047684,"duration":0,"detail":{"requestId":3}},"processResultMark":{"startTime":8425.5,"duration":0,"detail":{"requestId":3,"metrics":{"inputWidth":160,"inputHeight":220,"workingWidth":160,"workingHeight":220,"provider":"wasm","model":"fp32","modelBytes":135929562,"modelPath":"http://127.0.0.1:43204/onnx/pose_model.onnx","modelInitMs":0,"modelReused":true,"ownedModelBufferReferencesRetained":0,"retainedModelSessionCount":1,"requestTensorRetainedBytes":0,"imageBitmapClosed":true,"partTextureDataUrlChars":9018,"partMaskDataUrlChars":5108,"inferenceMs":277.2999999523163,"totalMs":317.8000000715256}}},"processProgressMessageCount":6,"processProgressMarks":[{"startTime":8110,"duration":0,"detail":{"requestId":3,"stage":"loading-model","progress":6}},{"startTime":8111.899999976158,"duration":0,"detail":{"requestId":3,"stage":"downloading-model","progress":12}},{"startTime":8112,"duration":0,"detail":{"requestId":3,"stage":"loading-model","progress":35}},{"startTime":8112.5,"duration":0,"detail":{"requestId":3,"stage":"running-onnx","progress":45}},{"startTime":8390.5,"duration":0,"detail":{"requestId":3,"stage":"extracting-parts","progress":75}},{"startTime":8423.299999952316,"duration":0,"detail":{"requestId":3,"stage":"normalizing","progress":90}}],"phaseMarks":[{"name":"motionsmith-image-result-application-start","startTime":8425.5,"duration":0,"detail":{"requestId":3}},{"name":"motionsmith-image-result-application-end","startTime":8425.700000047684,"duration":0,"detail":{"requestId":3}}],"reviewMark":{"startTime":8494.200000047684,"duration":0,"detail":null},"overlappingLongTasks":[],"media":{"artParts":10,"maskParts":10,"totalParts":10,"modelPath":"http://127.0.0.1:43204/onnx/pose_model.onnx","modelInitMs":0,"modelReused":true,"inferenceMs":277.2999999523163,"ownedModelBufferReferencesRetained":0,"retainedModelSessionCount":1,"requestTensorRetainedBytes":0,"imageBitmapClosed":true,"partTextureDataUrlChars":9018,"partMaskDataUrlChars":5108}},"processResultMarkCount":2}}
  ✓  1 [chromium] › tests/browser/g5-web-onnx.spec.ts:123:1 › Create from image upload keeps transforms off the UI thread (8.8s)
  ✘  2 [chromium] › tests/browser/workflow.spec.ts:1408:3 › G006 piston uses the shared physical pointer flow in Foundry and Design (17.4s)


  1) [chromium] › tests/browser/workflow.spec.ts:1408:3 › G006 piston uses the shared physical pointer flow in Foundry and Design

    Error: physical hole affordance is visible for piston.rod-slider-pin

    physical hole affordance is visible for piston.rod-slider-pin

    expect(received).toContain(expected) // indexOf

    Expected substring: "piston.rod-slider-pin:"
    Received string:    ""

    Call Log:
    - Timeout 10000ms exceeded while waiting on the predicate

      1008 |   }, {
      1009 |     message: `${options.excludeHoleIndex === undefined ? '' : 'non-default '}physical hole affordance is visible for ${role}`,
    > 1010 |   }).toContain(`${role}:`);
           |      ^
      1011 |   return target!;
      1012 | };
      1013 |
        at waitForConnectionHoleTarget (/Users/alansynn/orca/workspaces/MechAnim/quality-sol-max-integration/tests/browser/workflow.spec.ts:1010:6)
        at /Users/alansynn/orca/workspaces/MechAnim/quality-sol-max-integration/tests/browser/workflow.spec.ts:1444:31

    attachment #1: screenshot (image/png) ──────────────────────────────────────────────────────────
    test-results/workflow-G006-piston-uses--edbc8--flow-in-Foundry-and-Design-chromium/test-failed-1.png
    ────────────────────────────────────────────────────────────────────────────────────────────────

    Error Context: test-results/workflow-G006-piston-uses--edbc8--flow-in-Foundry-and-Design-chromium/error-context.md

    attachment #3: trace (application/zip) ─────────────────────────────────────────────────────────
    test-results/workflow-G006-piston-uses--edbc8--flow-in-Foundry-and-Design-chromium/trace.zip
    Usage:

        npx playwright show-trace test-results/workflow-G006-piston-uses--edbc8--flow-in-Foundry-and-Design-chromium/trace.zip

    ────────────────────────────────────────────────────────────────────────────────────────────────

  1 failed
    [chromium] › tests/browser/workflow.spec.ts:1408:3 › G006 piston uses the shared physical pointer flow in Foundry and Design
  1 passed (19.1s)
